

Семья@MV MINGW64 /e/_ALevel_FullStackJS/git/cw01
$ git init
Initialized empty Git repository in E:/_ALevel_FullStackJS/git/cw01/.git/

Семья@MV MINGW64 /e/_ALevel_FullStackJS/git/cw01 (main)
$ git status
On branch main

No commits yet

nothing to commit (create/copy files and use "git add" to track)

Семья@MV MINGW64 /e/_ALevel_FullStackJS/git/cw01 (main)
$ ^C

Семья@MV MINGW64 /e/_ALevel_FullStackJS/git/cw01 (main)
$ git status
On branch main

No commits yet

nothing to commit (create/copy files and use "git add" to track)

Семья@MV MINGW64 /e/_ALevel_FullStackJS/git/cw01 (main)
$ git status
On branch main

No commits yet

Untracked files:
  (use "git add <file>..." to include in what will be committed)
        index.html

nothing added to commit but untracked files present (use "git add" to track)

Семья@MV MINGW64 /e/_ALevel_FullStackJS/git/cw01 (main)
$ git add index.html

Семья@MV MINGW64 /e/_ALevel_FullStackJS/git/cw01 (main)
$ git status
On branch main

No commits yet

Changes to be committed:
  (use "git rm --cached <file>..." to unstage)
        new file:   index.html


Семья@MV MINGW64 /e/_ALevel_FullStackJS/git/cw01 (main)
$ ^C

Семья@MV MINGW64 /e/_ALevel_FullStackJS/git/cw01 (main)
$ git status
On branch main

No commits yet

Changes to be committed:
  (use "git rm --cached <file>..." to unstage)
        new file:   index.html


Семья@MV MINGW64 /e/_ALevel_FullStackJS/git/cw01 (main)
$ git commit -m "some message"
[main (root-commit) 4e6a56d] some message
 1 file changed, 18 insertions(+)
 create mode 100644 index.html

Семья@MV MINGW64 /e/_ALevel_FullStackJS/git/cw01 (main)
$ git status
On branch main
nothing to commit, working tree clean

Семья@MV MINGW64 /e/_ALevel_FullStackJS/git/cw01 (main)
$ git log
commit 4e6a56de9dc1a47e5cc249e542c5aaa8d66eacdb (HEAD -> main)
Author: msemerni <msemerni@gmail.com>
Date:   Sat Nov 13 12:18:25 2021 +0200

    some message

Семья@MV MINGW64 /e/_ALevel_FullStackJS/git/cw01 (main)
$ ssh-keygen
Generating public/private rsa key pair.
Enter file in which to save the key (/c/Users/Семья/.ssh/id_rsa):
Enter passphrase (empty for no passphrase):
Enter same passphrase again:
Your identification has been saved in /c/Users/Семья/.ssh/id_rsa
Your public key has been saved in /c/Users/Семья/.ssh/id_rsa.pub
The key fingerprint is:
SHA256:JO9TZhhw0bUAr1eLGvrwaqrDxI50XY0oto2P61rlhsc Семья@MV
The key's randomart image is:
+---[RSA 3072]----+
|      . ++...    |
|       o ... .   |
|      o = . o    |
|   o . * = o .   |
| .. *.. S * .    |
| .o+=o o B       |
|.=.ooEo +        |
|. =.o..+ .       |
| .+=oo..o        |
+----[SHA256]-----+

Семья@MV MINGW64 /e/_ALevel_FullStackJS/git/cw01 (main)
$ cat ~/.ssh/
cat: /c/Users/Семья/.ssh/: Is a directory

Семья@MV MINGW64 /e/_ALevel_FullStackJS/git/cw01 (main)
$ cat ~/.ssh/id_
id_ed25519      id_ed25519.pub  id_rsa          id_rsa.pub

Семья@MV MINGW64 /e/_ALevel_FullStackJS/git/cw01 (main)
$ cat ~/.ssh/id_
id_ed25519      id_ed25519.pub  id_rsa          id_rsa.pub

Семья@MV MINGW64 /e/_ALevel_FullStackJS/git/cw01 (main)
$ cat ~/.ssh/
id_ed25519       id_rsa           known_hosts
id_ed25519.pub   id_rsa.pub       known_hosts.old

Семья@MV MINGW64 /e/_ALevel_FullStackJS/git/cw01 (main)
$ cat ~/.ssh/id_rsa.pub
ssh-rsa AAAAB3NzaC1yc2EAAAADAQABAAABgQDqOI1uizlXfe2e6kjwkVlBKjQb4omvcBSYowczRCp8eVJTdRfkzdPkIcRWdUFexYHTl/cjgEdz1aDL5/GfEKifTePrhluuAdGvrQ6IWvywGGbATEv6sE43FElHJaICQMIWNA2VvHZq6KZu2PDL0mBEPMjYIMOsk++AfTU9ae5279Rm9xjC+5hUaFtf+afY81/KAwFJ/Lyfs95FICSFWECIyZnpfk5MLgDRGVCuuo8VAPdNM37JG6tcj9ovn3UeGZqttLCixX2Daf+eW6kK4X60kuVIwCEjpBgk2oe+N9bn2i3BoWRv35PP/WVfK9Imxl6box2PS86JjCsCSoRM1nhtog6rcnwELbLw6PAiYUO47xQhRuv9RCwTzXtCEiTxxFE0bkFeWka9Mr4PaSQpaC7fbJSc1cBDjYiH+rr2q8y0gI7lecB6xG0f5yY7+kZrZpjGU7SSR+le3wOBEuwAhbfrcRsMmkIqgdTIvXroxFZcaBz4/3RflQpEu04k8UpTNO0= Семья@MV

Семья@MV MINGW64 /e/_ALevel_FullStackJS/git/cw01 (main)
$ cat ~/.ssh/id_rsa.pub
ssh-rsa AAAAB3NzaC1yc2EAAAADAQABAAABgQDqOI1uizlXfe2e6kjwkVlBKjQb4omvcBSYowczRCp8eVJTdRfkzdPkIcRWdUFexYHTl/cjgEdz1aDL5/GfEKifTePrhluuAdGvrQ6IWvywGGbATEv6sE43FElHJaICQMIWNA2VvHZq6KZu2PDL0mBEPMjYIMOsk++AfTU9ae5279Rm9xjC+5hUaFtf+afY81/KAwFJ/Lyfs95FICSFWECIyZnpfk5MLgDRGVCuuo8VAPdNM37JG6tcj9ovn3UeGZqttLCixX2Daf+eW6kK4X60kuVIwCEjpBgk2oe+N9bn2i3BoWRv35PP/WVfK9Imxl6box2PS86JjCsCSoRM1nhtog6rcnwELbLw6PAiYUO47xQhRuv9RCwTzXtCEiTxxFE0bkFeWka9Mr4PaSQpaC7fbJSc1cBDjYiH+rr2q8y0gI7lecB6xG0f5yY7+kZrZpjGU7SSR+le3wOBEuwAhbfrcRsMmkIqgdTIvXroxFZcaBz4/3RflQpEu04k8UpTNO0= Семья@MV

Семья@MV MINGW64 /e/_ALevel_FullStackJS/git/cw01 (main)
$ git remote add origin git@github.com:msemerni/ALevel_Git.git

Семья@MV MINGW64 /e/_ALevel_FullStackJS/git/cw01 (main)
$ git remote -v
origin  git@github.com:msemerni/ALevel_Git.git (fetch)
origin  git@github.com:msemerni/ALevel_Git.git (push)

Семья@MV MINGW64 /e/_ALevel_FullStackJS/git/cw01 (main)
$ git push -u origin master
error: src refspec master does not match any
error: failed to push some refs to 'github.com:msemerni/ALevel_Git.git'

Семья@MV MINGW64 /e/_ALevel_FullStackJS/git/cw01 (main)
$ git push -u origin main
Enumerating objects: 3, done.
Counting objects: 100% (3/3), done.
Delta compression using up to 4 threads
Compressing objects: 100% (2/2), done.
Writing objects: 100% (3/3), 438 bytes | 438.00 KiB/s, done.
Total 3 (delta 0), reused 0 (delta 0), pack-reused 0
To github.com:msemerni/ALevel_Git.git
 * [new branch]      main -> main
Branch 'main' set up to track remote branch 'main' from 'origin'.

Семья@MV MINGW64 /e/_ALevel_FullStackJS/git/cw01 (main)
$
