pwd 		-текущая папка. посмотреть где мы находимся
cd ..		-выйти на одну папку назад
cd .		-таже самая папка. переход к текущей папке
cd /		-корневая папка
cd ~		-ведет в свою личную домашнюю папку
cd -		-в предыдущее место где были

пр. перейти по такому пути
	cd asmodeus/public_html/linuxlectures/		=>	/home/asmodeus/public_html/linuxlectures/



ls		-список файлов
ls~		-список файлов в домашней папке
ls посмотреть любую папку без перехода туда
ls -a		-список файлов + скрытые файлы
cd .. в корневой папке будет переходить в неё же. т.к. выше уже нет папок
ls -A		-список файлов + скрытые файлы (без папок . и ..)
ls -l		-полный список (развернутый)
	lrwxrwxrwx  	-символическая ссылка (типа ярлык) (буква l в начале)
	drwxrwxrwt 	-временые папки (буква t в конце)
	drwxr-xr-x  	-папки (буква d в начале) 	rwx 	-read/write/execute
							rwx - права для владельца (всё можно)
							r-x - для пользователей (только читать и выполнять)
							r-x - для всех остальных
напимер изменить права доступа к файлу:
chmod 764 test.txt	-изменить права пользователей файла test.txt
-R	применяется к папке

	r w x
7	1 1 1 
6	1 1 0
5	1 0 1
4	1 0 0
3	0 1 1 
2	0 1 0
1	0 0 1
0	0 0 0

____


msemerni@helium / $ cd ~
msemerni@helium ~ $ mkdir public_html
msemerni@helium ~ $ cd public_html/
msemerni@helium ~/public_html $ mkdir fs12
msemerni@helium ~/public_html $ cd fs12/
msemerni@helium ~/public_html/fs12 $ vim index.html

vim
i	-вставка (редакторовать)


_____
msemerni@helium ~/public_html/fs12 $ vim index.html
msemerni@helium ~/public_html/fs12 $ git init
Инициализирован пустой репозиторий Git в /home/msemerni/public_html/fs12/.git/
msemerni@helium ~/public_html/fs12 $ git status
На ветке master

Еще нет коммитов

Неотслеживаемые файлы:
  (используйте «git add <файл>…», чтобы добавить в то, что будет включено в коммит)

        index.html

ничего не добавлено в коммит, но есть неотслеживаемые файлы (используйте «git add», чтобы отслеживать их)
msemerni@helium ~/public_html/fs12 $ git add *
msemerni@helium ~/public_html/fs12 $ git commit -m "commit_one"

*** Пожалуйста, скажите мне кто вы есть.

Запустите

  git config --global user.email "you@example.com"
  git config --global user.name "Ваше Имя"

для указания идентификационных данных аккаунта по умолчанию.
Пропустите параметр --global для указания данных только для этого репозитория.

fatal: не удалось выполнить автоопределение адреса электронной почты (получено «msemerni@helium.(none)»)
msemerni@helium ~/public_html/fs12 $  git config --global user.email "msemerni@gmail.com"
msemerni@helium ~/public_html/fs12 $ ^C
msemerni@helium ~/public_html/fs12 $ git config --global user.name "Ваше Имя"
msemerni@helium ~/public_html/fs12 $ git config --global user.name "msemerni"
msemerni@helium ~/public_html/fs12 $ git log
fatal: ваша текущая ветка «master» еще не содержит ни одного коммита
msemerni@helium ~/public_html/fs12 $ git commit -m "commit_one"
[master (корневой коммит) 9b1033f] commit_one
 1 file changed, 8 insertions(+)
 create mode 100644 index.html
msemerni@helium ~/public_html/fs12 $ git push
fatal: Не настроена точка назначения для отправки.
Либо укажите URL с помощью командной строки, либо настройте внешний репозиторий с помощью

    git remote add <имя> <адрес>

а затем отправьте изменения с помощью имени внешнего репозитория

    git push <имя>

msemerni@helium ~/public_html/fs12 $ git remote add origin git@github.com:msemerni/GIT_Lesson2.git
msemerni@helium ~/public_html/fs12 $ git status
На ветке master
нечего коммитить, нет изменений в рабочем каталоге
msemerni@helium ~/public_html/fs12 $ git push
fatal: Текущая ветка master не имеет вышестоящей ветки.
Чтобы отправить текущую ветку и установить внешнюю ветку как вышестоящую для этой ветки, используйте

    git push --set-upstream origin master

msemerni@helium ~/public_html/fs12 $ git push -u origin master
The authenticity of host 'github.com (140.82.121.3)' can't be established.
ECDSA key fingerprint is SHA256:p2QAMXNIC1TJYWeIOttrVc98/R1BUFWu3/LiyKgUfQM.
Are you sure you want to continue connecting (yes/no)? yes
Warning: Permanently added 'github.com,140.82.121.3' (ECDSA) to the list of known hosts.
git@github.com: Permission denied (publickey).
fatal: Не удалось прочитать из внешнего репозитория.

Удостоверьтесь, что у вас есть необходимые права доступа
и репозиторий существует.
msemerni@helium ~/public_html/fs12 $ ssh keygen
ssh: Could not resolve hostname keygen: Name or service not known
msemerni@helium ~/public_html/fs12 $ ssh-keygen
Generating public/private rsa key pair.
Enter file in which to save the key (/home/msemerni/.ssh/id_rsa):
Enter passphrase (empty for no passphrase):
Enter same passphrase again:
Your identification has been saved in /home/msemerni/.ssh/id_rsa.
Your public key has been saved in /home/msemerni/.ssh/id_rsa.pub.
The key fingerprint is:
SHA256:AgFFlmG3+bLcI9ATKyJ9UD+U3Hx+sbJwXc1ptN0ZNEs msemerni@helium
The key's randomart image is:
+---[RSA 2048]----+
|  .+O+o+      oE.|
|   +.=ooo . . oo@|
|  . . *  o . +.+o|
| . . o =. + +    |
|. o + * So +     |
| . o + *  .      |
|      + o        |
|       . .       |
|                 |
+----[SHA256]-----+
msemerni@helium ~/public_html/fs12 $ cat ~/
.bash_logout   .bashrc        public_html/   .viminfo
.bash_profile  .gitconfig     .ssh/
msemerni@helium ~/public_html/fs12 $ cat ~/.ssh/id_rsa.pub
ssh-rsa AAAAB3NzaC1yc2EAAAADAQABAAABAQCsYqHsDpKJYxg43qyBrVihBw6vM+he/oTwjoetlB+9hESounFEc908ErwyCIU9QrpGiO+ZFZLsw4QO7pPaAqRxpJI0JO8jF8A7zdZ7gwlUwhz0dQHEiayTxWOntQKzAlmBJBVZHafGZulvSe+9zchXUZL8c8O8qV5GMfo9KDbIeJvbjJZKji5+3V6w7lDIdFN1XfF5niOakuRbt+GABLGkgXZxcV10wuISWtE6V3gsTvCIbstksJ4F7/XeGZ0Z0A8Lnmlfy8IrOiCAtqr8N13O0uELuaBISIAoFboVHDsCbvmQAk3/gNzmhor0QnktCQ4+/HTNBnGZ9iYoE2T88+v7 msemerni@helium
msemerni@helium ~/public_html/fs12 $ git push -u origin master
Перечисление объектов: 3, готово.
Подсчет объектов: 100% (3/3), готово.
При сжатии изменений используется до 2 потоков
Сжатие объектов: 100% (2/2), готово.
Запись объектов: 100% (3/3), 298 bytes | 298.00 KiB/s, готово.
Всего 3 (изменения 0), повторно использовано 0 (изменения 0)
To github.com:msemerni/GIT_Lesson2.git
 * [new branch]      master -> master
Ветка «master» отслеживает внешнюю ветку «master» из «origin».
msemerni@helium ~/public_html/fs12 $
